Copyright 1986-2019 Xilinx, Inc. All Rights Reserved.
--------------------------------------------------------------------------------------------------------------------------------------------------------------------------------
| Tool Version : Vivado v.2019.2 (win64) Build 2708876 Wed Nov  6 21:40:23 MST 2019
| Date         : Mon Mar 13 10:10:10 2023
| Host         : LAPTOP-VAJAUFA5 running 64-bit major release  (build 9200)
| Command      : report_timing_summary -max_paths 10 -file Top_timing_summary_routed.rpt -pb Top_timing_summary_routed.pb -rpx Top_timing_summary_routed.rpx -warn_on_violation
| Design       : Top
| Device       : 7a100t-csg324
| Speed File   : -1  PRODUCTION 1.23 2018-06-13
--------------------------------------------------------------------------------------------------------------------------------------------------------------------------------

Timing Summary Report

------------------------------------------------------------------------------------------------
| Timer Settings
| --------------
------------------------------------------------------------------------------------------------

  Enable Multi Corner Analysis               :  Yes
  Enable Pessimism Removal                   :  Yes
  Pessimism Removal Resolution               :  Nearest Common Node
  Enable Input Delay Default Clock           :  No
  Enable Preset / Clear Arcs                 :  No
  Disable Flight Delays                      :  No
  Ignore I/O Paths                           :  No
  Timing Early Launch at Borrowing Latches   :  No
  Borrow Time for Max Delay Exceptions       :  Yes
  Merge Timing Exceptions                    :  Yes

  Corner  Analyze    Analyze    
  Name    Max Paths  Min Paths  
  ------  ---------  ---------  
  Slow    Yes        Yes        
  Fast    Yes        Yes        



check_timing report

Table of Contents
-----------------
1. checking no_clock
2. checking constant_clock
3. checking pulse_width_clock
4. checking unconstrained_internal_endpoints
5. checking no_input_delay
6. checking no_output_delay
7. checking multiple_clock
8. checking generated_clocks
9. checking loops
10. checking partial_input_delay
11. checking partial_output_delay
12. checking latch_loops

1. checking no_clock
--------------------
 There are 193 register/latch pins with no clock driven by root clock pin: clkdivmod/count_reg[9]/Q (HIGH)


2. checking constant_clock
--------------------------
 There are 0 register/latch pins with constant_clock.


3. checking pulse_width_clock
-----------------------------
 There are 0 register/latch pins which need pulse_width check


4. checking unconstrained_internal_endpoints
--------------------------------------------
 There are 957 pins that are not constrained for maximum delay. (HIGH)

 There are 0 pins that are not constrained for maximum delay due to constant clock.


5. checking no_input_delay
--------------------------
 There are 19 input ports with no input delay specified. (HIGH)

 There are 0 input ports with no input delay but user has a false path constraint.


6. checking no_output_delay
---------------------------
 There are 15 ports with no output delay specified. (HIGH)

 There are 0 ports with no output delay but user has a false path constraint

 There are 0 ports with no output delay but with a timing clock defined on it or propagating through it


7. checking multiple_clock
--------------------------
 There are 0 register/latch pins with multiple clocks.


8. checking generated_clocks
----------------------------
 There are 0 generated clocks that are not connected to a clock source.


9. checking loops
-----------------
 There are 0 combinational loops in the design.


10. checking partial_input_delay
--------------------------------
 There are 0 input ports with partial input delay specified.


11. checking partial_output_delay
---------------------------------
 There are 0 ports with partial output delay specified.


12. checking latch_loops
------------------------
 There are 0 combinational latch loops in the design through latch input



------------------------------------------------------------------------------------------------
| Design Timing Summary
| ---------------------
------------------------------------------------------------------------------------------------

    WNS(ns)      TNS(ns)  TNS Failing Endpoints  TNS Total Endpoints      WHS(ns)      THS(ns)  THS Failing Endpoints  THS Total Endpoints     WPWS(ns)     TPWS(ns)  TPWS Failing Endpoints  TPWS Total Endpoints  
    -------      -------  ---------------------  -------------------      -------      -------  ---------------------  -------------------     --------     --------  ----------------------  --------------------  
      6.777        0.000                      0                   10        0.324        0.000                      0                   10        4.500        0.000                       0                    11  


All user specified timing constraints are met.


------------------------------------------------------------------------------------------------
| Clock Summary
| -------------
------------------------------------------------------------------------------------------------

Clock        Waveform(ns)       Period(ns)      Frequency(MHz)
-----        ------------       ----------      --------------
sys_clk_pin  {0.000 5.000}      10.000          100.000         


------------------------------------------------------------------------------------------------
| Intra Clock Table
| -----------------
------------------------------------------------------------------------------------------------

Clock             WNS(ns)      TNS(ns)  TNS Failing Endpoints  TNS Total Endpoints      WHS(ns)      THS(ns)  THS Failing Endpoints  THS Total Endpoints     WPWS(ns)     TPWS(ns)  TPWS Failing Endpoints  TPWS Total Endpoints  
-----             -------      -------  ---------------------  -------------------      -------      -------  ---------------------  -------------------     --------     --------  ----------------------  --------------------  
sys_clk_pin         6.777        0.000                      0                   10        0.324        0.000                      0                   10        4.500        0.000                       0                    11  


------------------------------------------------------------------------------------------------
| Inter Clock Table
| -----------------
------------------------------------------------------------------------------------------------

From Clock    To Clock          WNS(ns)      TNS(ns)  TNS Failing Endpoints  TNS Total Endpoints      WHS(ns)      THS(ns)  THS Failing Endpoints  THS Total Endpoints  
----------    --------          -------      -------  ---------------------  -------------------      -------      -------  ---------------------  -------------------  


------------------------------------------------------------------------------------------------
| Other Path Groups Table
| -----------------------
------------------------------------------------------------------------------------------------

Path Group    From Clock    To Clock          WNS(ns)      TNS(ns)  TNS Failing Endpoints  TNS Total Endpoints      WHS(ns)      THS(ns)  THS Failing Endpoints  THS Total Endpoints  
----------    ----------    --------          -------      -------  ---------------------  -------------------      -------      -------  ---------------------  -------------------  


------------------------------------------------------------------------------------------------
| Timing Details
| --------------
------------------------------------------------------------------------------------------------


---------------------------------------------------------------------------------------------------
From Clock:  sys_clk_pin
  To Clock:  sys_clk_pin

Setup :            0  Failing Endpoints,  Worst Slack        6.777ns,  Total Violation        0.000ns
Hold  :            0  Failing Endpoints,  Worst Slack        0.324ns,  Total Violation        0.000ns
PW    :            0  Failing Endpoints,  Worst Slack        4.500ns,  Total Violation        0.000ns
---------------------------------------------------------------------------------------------------


Max Delay Paths
--------------------------------------------------------------------------------------
Slack (MET) :             6.777ns  (required time - arrival time)
  Source:                 clkdivmod/count_reg[9]/C
                            (rising edge-triggered cell FDRE clocked by sys_clk_pin  {rise@0.000ns fall@5.000ns period=10.000ns})
  Destination:            clkdivmod/count_reg[9]/D
                            (rising edge-triggered cell FDRE clocked by sys_clk_pin  {rise@0.000ns fall@5.000ns period=10.000ns})
  Path Group:             sys_clk_pin
  Path Type:              Setup (Max at Slow Process Corner)
  Requirement:            10.000ns  (sys_clk_pin rise@10.000ns - sys_clk_pin rise@0.000ns)
  Data Path Delay:        3.250ns  (logic 0.903ns (27.785%)  route 2.347ns (72.215%))
  Logic Levels:           2  (BUFG=1 CARRY4=1)
  Clock Path Skew:        0.000ns (DCD - SCD + CPR)
    Destination Clock Delay (DCD):    4.927ns = ( 14.927 - 10.000 ) 
    Source Clock Delay      (SCD):    5.228ns
    Clock Pessimism Removal (CPR):    0.301ns
  Clock Uncertainty:      0.035ns  ((TSJ^2 + TIJ^2)^1/2 + DJ) / 2 + PE
    Total System Jitter     (TSJ):    0.071ns
    Total Input Jitter      (TIJ):    0.000ns
    Discrete Jitter          (DJ):    0.000ns
    Phase Error              (PE):    0.000ns

    Location             Delay type                Incr(ns)  Path(ns)    Netlist Resource(s)
  -------------------------------------------------------------------    -------------------
                         (clock sys_clk_pin rise edge)
                                                      0.000     0.000 r  
    E3                                                0.000     0.000 r  clk100mhz (IN)
                         net (fo=0)                   0.000     0.000    clk100mhz
    E3                   IBUF (Prop_ibuf_I_O)         1.482     1.482 r  clk100mhz_IBUF_inst/O
                         net (fo=1, routed)           2.025     3.506    clk100mhz_IBUF
    BUFGCTRL_X0Y16       BUFG (Prop_bufg_I_O)         0.096     3.602 r  clk100mhz_IBUF_BUFG_inst/O
                         net (fo=10, routed)          1.625     5.228    clkdivmod/clk
    SLICE_X52Y96         FDRE                                         r  clkdivmod/count_reg[9]/C
  -------------------------------------------------------------------    -------------------
    SLICE_X52Y96         FDRE (Prop_fdre_C_Q)         0.456     5.684 r  clkdivmod/count_reg[9]/Q
                         net (fo=1, routed)           0.568     6.252    clk
    BUFGCTRL_X0Y0        BUFG (Prop_bufg_I_O)         0.096     6.348 r  clk_BUFG_inst/O
                         net (fo=194, routed)         1.779     8.127    clkdivmod/clk_BUFG
    SLICE_X52Y96         CARRY4 (Prop_carry4_S[1]_O[1])
                                                      0.351     8.478 r  clkdivmod/count_reg[8]_i_1/O[1]
                         net (fo=1, routed)           0.000     8.478    clkdivmod/count_reg[8]_i_1_n_6
    SLICE_X52Y96         FDRE                                         r  clkdivmod/count_reg[9]/D
  -------------------------------------------------------------------    -------------------

                         (clock sys_clk_pin rise edge)
                                                     10.000    10.000 r  
    E3                                                0.000    10.000 r  clk100mhz (IN)
                         net (fo=0)                   0.000    10.000    clk100mhz
    E3                   IBUF (Prop_ibuf_I_O)         1.411    11.411 r  clk100mhz_IBUF_inst/O
                         net (fo=1, routed)           1.920    13.331    clk100mhz_IBUF
    BUFGCTRL_X0Y16       BUFG (Prop_bufg_I_O)         0.091    13.422 r  clk100mhz_IBUF_BUFG_inst/O
                         net (fo=10, routed)          1.504    14.927    clkdivmod/clk
    SLICE_X52Y96         FDRE                                         r  clkdivmod/count_reg[9]/C
                         clock pessimism              0.301    15.228    
                         clock uncertainty           -0.035    15.192    
    SLICE_X52Y96         FDRE (Setup_fdre_C_D)        0.062    15.254    clkdivmod/count_reg[9]
  -------------------------------------------------------------------
                         required time                         15.254    
                         arrival time                          -8.478    
  -------------------------------------------------------------------
                         slack                                  6.777    

Slack (MET) :             7.808ns  (required time - arrival time)
  Source:                 clkdivmod/count_reg[1]/C
                            (rising edge-triggered cell FDRE clocked by sys_clk_pin  {rise@0.000ns fall@5.000ns period=10.000ns})
  Destination:            clkdivmod/count_reg[8]/D
                            (rising edge-triggered cell FDRE clocked by sys_clk_pin  {rise@0.000ns fall@5.000ns period=10.000ns})
  Path Group:             sys_clk_pin
  Path Type:              Setup (Max at Slow Process Corner)
  Requirement:            10.000ns  (sys_clk_pin rise@10.000ns - sys_clk_pin rise@0.000ns)
  Data Path Delay:        2.194ns  (logic 1.467ns (66.869%)  route 0.727ns (33.131%))
  Logic Levels:           3  (CARRY4=3)
  Clock Path Skew:        -0.025ns (DCD - SCD + CPR)
    Destination Clock Delay (DCD):    4.927ns = ( 14.927 - 10.000 ) 
    Source Clock Delay      (SCD):    5.228ns
    Clock Pessimism Removal (CPR):    0.276ns
  Clock Uncertainty:      0.035ns  ((TSJ^2 + TIJ^2)^1/2 + DJ) / 2 + PE
    Total System Jitter     (TSJ):    0.071ns
    Total Input Jitter      (TIJ):    0.000ns
    Discrete Jitter          (DJ):    0.000ns
    Phase Error              (PE):    0.000ns

    Location             Delay type                Incr(ns)  Path(ns)    Netlist Resource(s)
  -------------------------------------------------------------------    -------------------
                         (clock sys_clk_pin rise edge)
                                                      0.000     0.000 r  
    E3                                                0.000     0.000 r  clk100mhz (IN)
                         net (fo=0)                   0.000     0.000    clk100mhz
    E3                   IBUF (Prop_ibuf_I_O)         1.482     1.482 r  clk100mhz_IBUF_inst/O
                         net (fo=1, routed)           2.025     3.506    clk100mhz_IBUF
    BUFGCTRL_X0Y16       BUFG (Prop_bufg_I_O)         0.096     3.602 r  clk100mhz_IBUF_BUFG_inst/O
                         net (fo=10, routed)          1.625     5.228    clkdivmod/clk
    SLICE_X52Y94         FDRE                                         r  clkdivmod/count_reg[1]/C
  -------------------------------------------------------------------    -------------------
    SLICE_X52Y94         FDRE (Prop_fdre_C_Q)         0.456     5.684 r  clkdivmod/count_reg[1]/Q
                         net (fo=1, routed)           0.727     6.411    clkdivmod/count_reg_n_0_[1]
    SLICE_X52Y94         CARRY4 (Prop_carry4_S[1]_CO[3])
                                                      0.674     7.085 r  clkdivmod/count_reg[0]_i_1/CO[3]
                         net (fo=1, routed)           0.000     7.085    clkdivmod/count_reg[0]_i_1_n_0
    SLICE_X52Y95         CARRY4 (Prop_carry4_CI_CO[3])
                                                      0.114     7.199 r  clkdivmod/count_reg[4]_i_1/CO[3]
                         net (fo=1, routed)           0.000     7.199    clkdivmod/count_reg[4]_i_1_n_0
    SLICE_X52Y96         CARRY4 (Prop_carry4_CI_O[0])
                                                      0.223     7.422 r  clkdivmod/count_reg[8]_i_1/O[0]
                         net (fo=1, routed)           0.000     7.422    clkdivmod/count_reg[8]_i_1_n_7
    SLICE_X52Y96         FDRE                                         r  clkdivmod/count_reg[8]/D
  -------------------------------------------------------------------    -------------------

                         (clock sys_clk_pin rise edge)
                                                     10.000    10.000 r  
    E3                                                0.000    10.000 r  clk100mhz (IN)
                         net (fo=0)                   0.000    10.000    clk100mhz
    E3                   IBUF (Prop_ibuf_I_O)         1.411    11.411 r  clk100mhz_IBUF_inst/O
                         net (fo=1, routed)           1.920    13.331    clk100mhz_IBUF
    BUFGCTRL_X0Y16       BUFG (Prop_bufg_I_O)         0.091    13.422 r  clk100mhz_IBUF_BUFG_inst/O
                         net (fo=10, routed)          1.504    14.927    clkdivmod/clk
    SLICE_X52Y96         FDRE                                         r  clkdivmod/count_reg[8]/C
                         clock pessimism              0.276    15.203    
                         clock uncertainty           -0.035    15.167    
    SLICE_X52Y96         FDRE (Setup_fdre_C_D)        0.062    15.229    clkdivmod/count_reg[8]
  -------------------------------------------------------------------
                         required time                         15.229    
                         arrival time                          -7.422    
  -------------------------------------------------------------------
                         slack                                  7.808    

Slack (MET) :             7.811ns  (required time - arrival time)
  Source:                 clkdivmod/count_reg[1]/C
                            (rising edge-triggered cell FDRE clocked by sys_clk_pin  {rise@0.000ns fall@5.000ns period=10.000ns})
  Destination:            clkdivmod/count_reg[5]/D
                            (rising edge-triggered cell FDRE clocked by sys_clk_pin  {rise@0.000ns fall@5.000ns period=10.000ns})
  Path Group:             sys_clk_pin
  Path Type:              Setup (Max at Slow Process Corner)
  Requirement:            10.000ns  (sys_clk_pin rise@10.000ns - sys_clk_pin rise@0.000ns)
  Data Path Delay:        2.191ns  (logic 1.464ns (66.823%)  route 0.727ns (33.177%))
  Logic Levels:           2  (CARRY4=2)
  Clock Path Skew:        -0.025ns (DCD - SCD + CPR)
    Destination Clock Delay (DCD):    4.927ns = ( 14.927 - 10.000 ) 
    Source Clock Delay      (SCD):    5.228ns
    Clock Pessimism Removal (CPR):    0.276ns
  Clock Uncertainty:      0.035ns  ((TSJ^2 + TIJ^2)^1/2 + DJ) / 2 + PE
    Total System Jitter     (TSJ):    0.071ns
    Total Input Jitter      (TIJ):    0.000ns
    Discrete Jitter          (DJ):    0.000ns
    Phase Error              (PE):    0.000ns

    Location             Delay type                Incr(ns)  Path(ns)    Netlist Resource(s)
  -------------------------------------------------------------------    -------------------
                         (clock sys_clk_pin rise edge)
                                                      0.000     0.000 r  
    E3                                                0.000     0.000 r  clk100mhz (IN)
                         net (fo=0)                   0.000     0.000    clk100mhz
    E3                   IBUF (Prop_ibuf_I_O)         1.482     1.482 r  clk100mhz_IBUF_inst/O
                         net (fo=1, routed)           2.025     3.506    clk100mhz_IBUF
    BUFGCTRL_X0Y16       BUFG (Prop_bufg_I_O)         0.096     3.602 r  clk100mhz_IBUF_BUFG_inst/O
                         net (fo=10, routed)          1.625     5.228    clkdivmod/clk
    SLICE_X52Y94         FDRE                                         r  clkdivmod/count_reg[1]/C
  -------------------------------------------------------------------    -------------------
    SLICE_X52Y94         FDRE (Prop_fdre_C_Q)         0.456     5.684 r  clkdivmod/count_reg[1]/Q
                         net (fo=1, routed)           0.727     6.411    clkdivmod/count_reg_n_0_[1]
    SLICE_X52Y94         CARRY4 (Prop_carry4_S[1]_CO[3])
                                                      0.674     7.085 r  clkdivmod/count_reg[0]_i_1/CO[3]
                         net (fo=1, routed)           0.000     7.085    clkdivmod/count_reg[0]_i_1_n_0
    SLICE_X52Y95         CARRY4 (Prop_carry4_CI_O[1])
                                                      0.334     7.419 r  clkdivmod/count_reg[4]_i_1/O[1]
                         net (fo=1, routed)           0.000     7.419    clkdivmod/count_reg[4]_i_1_n_6
    SLICE_X52Y95         FDRE                                         r  clkdivmod/count_reg[5]/D
  -------------------------------------------------------------------    -------------------

                         (clock sys_clk_pin rise edge)
                                                     10.000    10.000 r  
    E3                                                0.000    10.000 r  clk100mhz (IN)
                         net (fo=0)                   0.000    10.000    clk100mhz
    E3                   IBUF (Prop_ibuf_I_O)         1.411    11.411 r  clk100mhz_IBUF_inst/O
                         net (fo=1, routed)           1.920    13.331    clk100mhz_IBUF
    BUFGCTRL_X0Y16       BUFG (Prop_bufg_I_O)         0.091    13.422 r  clk100mhz_IBUF_BUFG_inst/O
                         net (fo=10, routed)          1.504    14.927    clkdivmod/clk
    SLICE_X52Y95         FDRE                                         r  clkdivmod/count_reg[5]/C
                         clock pessimism              0.276    15.203    
                         clock uncertainty           -0.035    15.167    
    SLICE_X52Y95         FDRE (Setup_fdre_C_D)        0.062    15.229    clkdivmod/count_reg[5]
  -------------------------------------------------------------------
                         required time                         15.229    
                         arrival time                          -7.419    
  -------------------------------------------------------------------
                         slack                                  7.811    

Slack (MET) :             7.832ns  (required time - arrival time)
  Source:                 clkdivmod/count_reg[1]/C
                            (rising edge-triggered cell FDRE clocked by sys_clk_pin  {rise@0.000ns fall@5.000ns period=10.000ns})
  Destination:            clkdivmod/count_reg[7]/D
                            (rising edge-triggered cell FDRE clocked by sys_clk_pin  {rise@0.000ns fall@5.000ns period=10.000ns})
  Path Group:             sys_clk_pin
  Path Type:              Setup (Max at Slow Process Corner)
  Requirement:            10.000ns  (sys_clk_pin rise@10.000ns - sys_clk_pin rise@0.000ns)
  Data Path Delay:        2.170ns  (logic 1.443ns (66.502%)  route 0.727ns (33.498%))
  Logic Levels:           2  (CARRY4=2)
  Clock Path Skew:        -0.025ns (DCD - SCD + CPR)
    Destination Clock Delay (DCD):    4.927ns = ( 14.927 - 10.000 ) 
    Source Clock Delay      (SCD):    5.228ns
    Clock Pessimism Removal (CPR):    0.276ns
  Clock Uncertainty:      0.035ns  ((TSJ^2 + TIJ^2)^1/2 + DJ) / 2 + PE
    Total System Jitter     (TSJ):    0.071ns
    Total Input Jitter      (TIJ):    0.000ns
    Discrete Jitter          (DJ):    0.000ns
    Phase Error              (PE):    0.000ns

    Location             Delay type                Incr(ns)  Path(ns)    Netlist Resource(s)
  -------------------------------------------------------------------    -------------------
                         (clock sys_clk_pin rise edge)
                                                      0.000     0.000 r  
    E3                                                0.000     0.000 r  clk100mhz (IN)
                         net (fo=0)                   0.000     0.000    clk100mhz
    E3                   IBUF (Prop_ibuf_I_O)         1.482     1.482 r  clk100mhz_IBUF_inst/O
                         net (fo=1, routed)           2.025     3.506    clk100mhz_IBUF
    BUFGCTRL_X0Y16       BUFG (Prop_bufg_I_O)         0.096     3.602 r  clk100mhz_IBUF_BUFG_inst/O
                         net (fo=10, routed)          1.625     5.228    clkdivmod/clk
    SLICE_X52Y94         FDRE                                         r  clkdivmod/count_reg[1]/C
  -------------------------------------------------------------------    -------------------
    SLICE_X52Y94         FDRE (Prop_fdre_C_Q)         0.456     5.684 r  clkdivmod/count_reg[1]/Q
                         net (fo=1, routed)           0.727     6.411    clkdivmod/count_reg_n_0_[1]
    SLICE_X52Y94         CARRY4 (Prop_carry4_S[1]_CO[3])
                                                      0.674     7.085 r  clkdivmod/count_reg[0]_i_1/CO[3]
                         net (fo=1, routed)           0.000     7.085    clkdivmod/count_reg[0]_i_1_n_0
    SLICE_X52Y95         CARRY4 (Prop_carry4_CI_O[3])
                                                      0.313     7.398 r  clkdivmod/count_reg[4]_i_1/O[3]
                         net (fo=1, routed)           0.000     7.398    clkdivmod/count_reg[4]_i_1_n_4
    SLICE_X52Y95         FDRE                                         r  clkdivmod/count_reg[7]/D
  -------------------------------------------------------------------    -------------------

                         (clock sys_clk_pin rise edge)
                                                     10.000    10.000 r  
    E3                                                0.000    10.000 r  clk100mhz (IN)
                         net (fo=0)                   0.000    10.000    clk100mhz
    E3                   IBUF (Prop_ibuf_I_O)         1.411    11.411 r  clk100mhz_IBUF_inst/O
                         net (fo=1, routed)           1.920    13.331    clk100mhz_IBUF
    BUFGCTRL_X0Y16       BUFG (Prop_bufg_I_O)         0.091    13.422 r  clk100mhz_IBUF_BUFG_inst/O
                         net (fo=10, routed)          1.504    14.927    clkdivmod/clk
    SLICE_X52Y95         FDRE                                         r  clkdivmod/count_reg[7]/C
                         clock pessimism              0.276    15.203    
                         clock uncertainty           -0.035    15.167    
    SLICE_X52Y95         FDRE (Setup_fdre_C_D)        0.062    15.229    clkdivmod/count_reg[7]
  -------------------------------------------------------------------
                         required time                         15.229    
                         arrival time                          -7.398    
  -------------------------------------------------------------------
                         slack                                  7.832    

Slack (MET) :             7.906ns  (required time - arrival time)
  Source:                 clkdivmod/count_reg[1]/C
                            (rising edge-triggered cell FDRE clocked by sys_clk_pin  {rise@0.000ns fall@5.000ns period=10.000ns})
  Destination:            clkdivmod/count_reg[6]/D
                            (rising edge-triggered cell FDRE clocked by sys_clk_pin  {rise@0.000ns fall@5.000ns period=10.000ns})
  Path Group:             sys_clk_pin
  Path Type:              Setup (Max at Slow Process Corner)
  Requirement:            10.000ns  (sys_clk_pin rise@10.000ns - sys_clk_pin rise@0.000ns)
  Data Path Delay:        2.096ns  (logic 1.369ns (65.320%)  route 0.727ns (34.680%))
  Logic Levels:           2  (CARRY4=2)
  Clock Path Skew:        -0.025ns (DCD - SCD + CPR)
    Destination Clock Delay (DCD):    4.927ns = ( 14.927 - 10.000 ) 
    Source Clock Delay      (SCD):    5.228ns
    Clock Pessimism Removal (CPR):    0.276ns
  Clock Uncertainty:      0.035ns  ((TSJ^2 + TIJ^2)^1/2 + DJ) / 2 + PE
    Total System Jitter     (TSJ):    0.071ns
    Total Input Jitter      (TIJ):    0.000ns
    Discrete Jitter          (DJ):    0.000ns
    Phase Error              (PE):    0.000ns

    Location             Delay type                Incr(ns)  Path(ns)    Netlist Resource(s)
  -------------------------------------------------------------------    -------------------
                         (clock sys_clk_pin rise edge)
                                                      0.000     0.000 r  
    E3                                                0.000     0.000 r  clk100mhz (IN)
                         net (fo=0)                   0.000     0.000    clk100mhz
    E3                   IBUF (Prop_ibuf_I_O)         1.482     1.482 r  clk100mhz_IBUF_inst/O
                         net (fo=1, routed)           2.025     3.506    clk100mhz_IBUF
    BUFGCTRL_X0Y16       BUFG (Prop_bufg_I_O)         0.096     3.602 r  clk100mhz_IBUF_BUFG_inst/O
                         net (fo=10, routed)          1.625     5.228    clkdivmod/clk
    SLICE_X52Y94         FDRE                                         r  clkdivmod/count_reg[1]/C
  -------------------------------------------------------------------    -------------------
    SLICE_X52Y94         FDRE (Prop_fdre_C_Q)         0.456     5.684 r  clkdivmod/count_reg[1]/Q
                         net (fo=1, routed)           0.727     6.411    clkdivmod/count_reg_n_0_[1]
    SLICE_X52Y94         CARRY4 (Prop_carry4_S[1]_CO[3])
                                                      0.674     7.085 r  clkdivmod/count_reg[0]_i_1/CO[3]
                         net (fo=1, routed)           0.000     7.085    clkdivmod/count_reg[0]_i_1_n_0
    SLICE_X52Y95         CARRY4 (Prop_carry4_CI_O[2])
                                                      0.239     7.324 r  clkdivmod/count_reg[4]_i_1/O[2]
                         net (fo=1, routed)           0.000     7.324    clkdivmod/count_reg[4]_i_1_n_5
    SLICE_X52Y95         FDRE                                         r  clkdivmod/count_reg[6]/D
  -------------------------------------------------------------------    -------------------

                         (clock sys_clk_pin rise edge)
                                                     10.000    10.000 r  
    E3                                                0.000    10.000 r  clk100mhz (IN)
                         net (fo=0)                   0.000    10.000    clk100mhz
    E3                   IBUF (Prop_ibuf_I_O)         1.411    11.411 r  clk100mhz_IBUF_inst/O
                         net (fo=1, routed)           1.920    13.331    clk100mhz_IBUF
    BUFGCTRL_X0Y16       BUFG (Prop_bufg_I_O)         0.091    13.422 r  clk100mhz_IBUF_BUFG_inst/O
                         net (fo=10, routed)          1.504    14.927    clkdivmod/clk
    SLICE_X52Y95         FDRE                                         r  clkdivmod/count_reg[6]/C
                         clock pessimism              0.276    15.203    
                         clock uncertainty           -0.035    15.167    
    SLICE_X52Y95         FDRE (Setup_fdre_C_D)        0.062    15.229    clkdivmod/count_reg[6]
  -------------------------------------------------------------------
                         required time                         15.229    
                         arrival time                          -7.324    
  -------------------------------------------------------------------
                         slack                                  7.906    

Slack (MET) :             7.922ns  (required time - arrival time)
  Source:                 clkdivmod/count_reg[1]/C
                            (rising edge-triggered cell FDRE clocked by sys_clk_pin  {rise@0.000ns fall@5.000ns period=10.000ns})
  Destination:            clkdivmod/count_reg[4]/D
                            (rising edge-triggered cell FDRE clocked by sys_clk_pin  {rise@0.000ns fall@5.000ns period=10.000ns})
  Path Group:             sys_clk_pin
  Path Type:              Setup (Max at Slow Process Corner)
  Requirement:            10.000ns  (sys_clk_pin rise@10.000ns - sys_clk_pin rise@0.000ns)
  Data Path Delay:        2.080ns  (logic 1.353ns (65.053%)  route 0.727ns (34.947%))
  Logic Levels:           2  (CARRY4=2)
  Clock Path Skew:        -0.025ns (DCD - SCD + CPR)
    Destination Clock Delay (DCD):    4.927ns = ( 14.927 - 10.000 ) 
    Source Clock Delay      (SCD):    5.228ns
    Clock Pessimism Removal (CPR):    0.276ns
  Clock Uncertainty:      0.035ns  ((TSJ^2 + TIJ^2)^1/2 + DJ) / 2 + PE
    Total System Jitter     (TSJ):    0.071ns
    Total Input Jitter      (TIJ):    0.000ns
    Discrete Jitter          (DJ):    0.000ns
    Phase Error              (PE):    0.000ns

    Location             Delay type                Incr(ns)  Path(ns)    Netlist Resource(s)
  -------------------------------------------------------------------    -------------------
                         (clock sys_clk_pin rise edge)
                                                      0.000     0.000 r  
    E3                                                0.000     0.000 r  clk100mhz (IN)
                         net (fo=0)                   0.000     0.000    clk100mhz
    E3                   IBUF (Prop_ibuf_I_O)         1.482     1.482 r  clk100mhz_IBUF_inst/O
                         net (fo=1, routed)           2.025     3.506    clk100mhz_IBUF
    BUFGCTRL_X0Y16       BUFG (Prop_bufg_I_O)         0.096     3.602 r  clk100mhz_IBUF_BUFG_inst/O
                         net (fo=10, routed)          1.625     5.228    clkdivmod/clk
    SLICE_X52Y94         FDRE                                         r  clkdivmod/count_reg[1]/C
  -------------------------------------------------------------------    -------------------
    SLICE_X52Y94         FDRE (Prop_fdre_C_Q)         0.456     5.684 r  clkdivmod/count_reg[1]/Q
                         net (fo=1, routed)           0.727     6.411    clkdivmod/count_reg_n_0_[1]
    SLICE_X52Y94         CARRY4 (Prop_carry4_S[1]_CO[3])
                                                      0.674     7.085 r  clkdivmod/count_reg[0]_i_1/CO[3]
                         net (fo=1, routed)           0.000     7.085    clkdivmod/count_reg[0]_i_1_n_0
    SLICE_X52Y95         CARRY4 (Prop_carry4_CI_O[0])
                                                      0.223     7.308 r  clkdivmod/count_reg[4]_i_1/O[0]
                         net (fo=1, routed)           0.000     7.308    clkdivmod/count_reg[4]_i_1_n_7
    SLICE_X52Y95         FDRE                                         r  clkdivmod/count_reg[4]/D
  -------------------------------------------------------------------    -------------------

                         (clock sys_clk_pin rise edge)
                                                     10.000    10.000 r  
    E3                                                0.000    10.000 r  clk100mhz (IN)
                         net (fo=0)                   0.000    10.000    clk100mhz
    E3                   IBUF (Prop_ibuf_I_O)         1.411    11.411 r  clk100mhz_IBUF_inst/O
                         net (fo=1, routed)           1.920    13.331    clk100mhz_IBUF
    BUFGCTRL_X0Y16       BUFG (Prop_bufg_I_O)         0.091    13.422 r  clk100mhz_IBUF_BUFG_inst/O
                         net (fo=10, routed)          1.504    14.927    clkdivmod/clk
    SLICE_X52Y95         FDRE                                         r  clkdivmod/count_reg[4]/C
                         clock pessimism              0.276    15.203    
                         clock uncertainty           -0.035    15.167    
    SLICE_X52Y95         FDRE (Setup_fdre_C_D)        0.062    15.229    clkdivmod/count_reg[4]
  -------------------------------------------------------------------
                         required time                         15.229    
                         arrival time                          -7.308    
  -------------------------------------------------------------------
                         slack                                  7.922    

Slack (MET) :             8.080ns  (required time - arrival time)
  Source:                 clkdivmod/count_reg[1]/C
                            (rising edge-triggered cell FDRE clocked by sys_clk_pin  {rise@0.000ns fall@5.000ns period=10.000ns})
  Destination:            clkdivmod/count_reg[3]/D
                            (rising edge-triggered cell FDRE clocked by sys_clk_pin  {rise@0.000ns fall@5.000ns period=10.000ns})
  Path Group:             sys_clk_pin
  Path Type:              Setup (Max at Slow Process Corner)
  Requirement:            10.000ns  (sys_clk_pin rise@10.000ns - sys_clk_pin rise@0.000ns)
  Data Path Delay:        1.947ns  (logic 1.220ns (62.665%)  route 0.727ns (37.335%))
  Logic Levels:           1  (CARRY4=1)
  Clock Path Skew:        0.000ns (DCD - SCD + CPR)
    Destination Clock Delay (DCD):    4.927ns = ( 14.927 - 10.000 ) 
    Source Clock Delay      (SCD):    5.228ns
    Clock Pessimism Removal (CPR):    0.301ns
  Clock Uncertainty:      0.035ns  ((TSJ^2 + TIJ^2)^1/2 + DJ) / 2 + PE
    Total System Jitter     (TSJ):    0.071ns
    Total Input Jitter      (TIJ):    0.000ns
    Discrete Jitter          (DJ):    0.000ns
    Phase Error              (PE):    0.000ns

    Location             Delay type                Incr(ns)  Path(ns)    Netlist Resource(s)
  -------------------------------------------------------------------    -------------------
                         (clock sys_clk_pin rise edge)
                                                      0.000     0.000 r  
    E3                                                0.000     0.000 r  clk100mhz (IN)
                         net (fo=0)                   0.000     0.000    clk100mhz
    E3                   IBUF (Prop_ibuf_I_O)         1.482     1.482 r  clk100mhz_IBUF_inst/O
                         net (fo=1, routed)           2.025     3.506    clk100mhz_IBUF
    BUFGCTRL_X0Y16       BUFG (Prop_bufg_I_O)         0.096     3.602 r  clk100mhz_IBUF_BUFG_inst/O
                         net (fo=10, routed)          1.625     5.228    clkdivmod/clk
    SLICE_X52Y94         FDRE                                         r  clkdivmod/count_reg[1]/C
  -------------------------------------------------------------------    -------------------
    SLICE_X52Y94         FDRE (Prop_fdre_C_Q)         0.456     5.684 r  clkdivmod/count_reg[1]/Q
                         net (fo=1, routed)           0.727     6.411    clkdivmod/count_reg_n_0_[1]
    SLICE_X52Y94         CARRY4 (Prop_carry4_S[1]_O[3])
                                                      0.764     7.175 r  clkdivmod/count_reg[0]_i_1/O[3]
                         net (fo=1, routed)           0.000     7.175    clkdivmod/count_reg[0]_i_1_n_4
    SLICE_X52Y94         FDRE                                         r  clkdivmod/count_reg[3]/D
  -------------------------------------------------------------------    -------------------

                         (clock sys_clk_pin rise edge)
                                                     10.000    10.000 r  
    E3                                                0.000    10.000 r  clk100mhz (IN)
                         net (fo=0)                   0.000    10.000    clk100mhz
    E3                   IBUF (Prop_ibuf_I_O)         1.411    11.411 r  clk100mhz_IBUF_inst/O
                         net (fo=1, routed)           1.920    13.331    clk100mhz_IBUF
    BUFGCTRL_X0Y16       BUFG (Prop_bufg_I_O)         0.091    13.422 r  clk100mhz_IBUF_BUFG_inst/O
                         net (fo=10, routed)          1.504    14.927    clkdivmod/clk
    SLICE_X52Y94         FDRE                                         r  clkdivmod/count_reg[3]/C
                         clock pessimism              0.301    15.228    
                         clock uncertainty           -0.035    15.192    
    SLICE_X52Y94         FDRE (Setup_fdre_C_D)        0.062    15.254    clkdivmod/count_reg[3]
  -------------------------------------------------------------------
                         required time                         15.254    
                         arrival time                          -7.175    
  -------------------------------------------------------------------
                         slack                                  8.080    

Slack (MET) :             8.140ns  (required time - arrival time)
  Source:                 clkdivmod/count_reg[1]/C
                            (rising edge-triggered cell FDRE clocked by sys_clk_pin  {rise@0.000ns fall@5.000ns period=10.000ns})
  Destination:            clkdivmod/count_reg[2]/D
                            (rising edge-triggered cell FDRE clocked by sys_clk_pin  {rise@0.000ns fall@5.000ns period=10.000ns})
  Path Group:             sys_clk_pin
  Path Type:              Setup (Max at Slow Process Corner)
  Requirement:            10.000ns  (sys_clk_pin rise@10.000ns - sys_clk_pin rise@0.000ns)
  Data Path Delay:        1.887ns  (logic 1.160ns (61.478%)  route 0.727ns (38.522%))
  Logic Levels:           1  (CARRY4=1)
  Clock Path Skew:        0.000ns (DCD - SCD + CPR)
    Destination Clock Delay (DCD):    4.927ns = ( 14.927 - 10.000 ) 
    Source Clock Delay      (SCD):    5.228ns
    Clock Pessimism Removal (CPR):    0.301ns
  Clock Uncertainty:      0.035ns  ((TSJ^2 + TIJ^2)^1/2 + DJ) / 2 + PE
    Total System Jitter     (TSJ):    0.071ns
    Total Input Jitter      (TIJ):    0.000ns
    Discrete Jitter          (DJ):    0.000ns
    Phase Error              (PE):    0.000ns

    Location             Delay type                Incr(ns)  Path(ns)    Netlist Resource(s)
  -------------------------------------------------------------------    -------------------
                         (clock sys_clk_pin rise edge)
                                                      0.000     0.000 r  
    E3                                                0.000     0.000 r  clk100mhz (IN)
                         net (fo=0)                   0.000     0.000    clk100mhz
    E3                   IBUF (Prop_ibuf_I_O)         1.482     1.482 r  clk100mhz_IBUF_inst/O
                         net (fo=1, routed)           2.025     3.506    clk100mhz_IBUF
    BUFGCTRL_X0Y16       BUFG (Prop_bufg_I_O)         0.096     3.602 r  clk100mhz_IBUF_BUFG_inst/O
                         net (fo=10, routed)          1.625     5.228    clkdivmod/clk
    SLICE_X52Y94         FDRE                                         r  clkdivmod/count_reg[1]/C
  -------------------------------------------------------------------    -------------------
    SLICE_X52Y94         FDRE (Prop_fdre_C_Q)         0.456     5.684 r  clkdivmod/count_reg[1]/Q
                         net (fo=1, routed)           0.727     6.411    clkdivmod/count_reg_n_0_[1]
    SLICE_X52Y94         CARRY4 (Prop_carry4_S[1]_O[2])
                                                      0.704     7.115 r  clkdivmod/count_reg[0]_i_1/O[2]
                         net (fo=1, routed)           0.000     7.115    clkdivmod/count_reg[0]_i_1_n_5
    SLICE_X52Y94         FDRE                                         r  clkdivmod/count_reg[2]/D
  -------------------------------------------------------------------    -------------------

                         (clock sys_clk_pin rise edge)
                                                     10.000    10.000 r  
    E3                                                0.000    10.000 r  clk100mhz (IN)
                         net (fo=0)                   0.000    10.000    clk100mhz
    E3                   IBUF (Prop_ibuf_I_O)         1.411    11.411 r  clk100mhz_IBUF_inst/O
                         net (fo=1, routed)           1.920    13.331    clk100mhz_IBUF
    BUFGCTRL_X0Y16       BUFG (Prop_bufg_I_O)         0.091    13.422 r  clk100mhz_IBUF_BUFG_inst/O
                         net (fo=10, routed)          1.504    14.927    clkdivmod/clk
    SLICE_X52Y94         FDRE                                         r  clkdivmod/count_reg[2]/C
                         clock pessimism              0.301    15.228    
                         clock uncertainty           -0.035    15.192    
    SLICE_X52Y94         FDRE (Setup_fdre_C_D)        0.062    15.254    clkdivmod/count_reg[2]
  -------------------------------------------------------------------
                         required time                         15.254    
                         arrival time                          -7.115    
  -------------------------------------------------------------------
                         slack                                  8.140    

Slack (MET) :             8.493ns  (required time - arrival time)
  Source:                 clkdivmod/count_reg[1]/C
                            (rising edge-triggered cell FDRE clocked by sys_clk_pin  {rise@0.000ns fall@5.000ns period=10.000ns})
  Destination:            clkdivmod/count_reg[1]/D
                            (rising edge-triggered cell FDRE clocked by sys_clk_pin  {rise@0.000ns fall@5.000ns period=10.000ns})
  Path Group:             sys_clk_pin
  Path Type:              Setup (Max at Slow Process Corner)
  Requirement:            10.000ns  (sys_clk_pin rise@10.000ns - sys_clk_pin rise@0.000ns)
  Data Path Delay:        1.534ns  (logic 0.807ns (52.613%)  route 0.727ns (47.387%))
  Logic Levels:           1  (CARRY4=1)
  Clock Path Skew:        0.000ns (DCD - SCD + CPR)
    Destination Clock Delay (DCD):    4.927ns = ( 14.927 - 10.000 ) 
    Source Clock Delay      (SCD):    5.228ns
    Clock Pessimism Removal (CPR):    0.301ns
  Clock Uncertainty:      0.035ns  ((TSJ^2 + TIJ^2)^1/2 + DJ) / 2 + PE
    Total System Jitter     (TSJ):    0.071ns
    Total Input Jitter      (TIJ):    0.000ns
    Discrete Jitter          (DJ):    0.000ns
    Phase Error              (PE):    0.000ns

    Location             Delay type                Incr(ns)  Path(ns)    Netlist Resource(s)
  -------------------------------------------------------------------    -------------------
                         (clock sys_clk_pin rise edge)
                                                      0.000     0.000 r  
    E3                                                0.000     0.000 r  clk100mhz (IN)
                         net (fo=0)                   0.000     0.000    clk100mhz
    E3                   IBUF (Prop_ibuf_I_O)         1.482     1.482 r  clk100mhz_IBUF_inst/O
                         net (fo=1, routed)           2.025     3.506    clk100mhz_IBUF
    BUFGCTRL_X0Y16       BUFG (Prop_bufg_I_O)         0.096     3.602 r  clk100mhz_IBUF_BUFG_inst/O
                         net (fo=10, routed)          1.625     5.228    clkdivmod/clk
    SLICE_X52Y94         FDRE                                         r  clkdivmod/count_reg[1]/C
  -------------------------------------------------------------------    -------------------
    SLICE_X52Y94         FDRE (Prop_fdre_C_Q)         0.456     5.684 r  clkdivmod/count_reg[1]/Q
                         net (fo=1, routed)           0.727     6.411    clkdivmod/count_reg_n_0_[1]
    SLICE_X52Y94         CARRY4 (Prop_carry4_S[1]_O[1])
                                                      0.351     6.762 r  clkdivmod/count_reg[0]_i_1/O[1]
                         net (fo=1, routed)           0.000     6.762    clkdivmod/count_reg[0]_i_1_n_6
    SLICE_X52Y94         FDRE                                         r  clkdivmod/count_reg[1]/D
  -------------------------------------------------------------------    -------------------

                         (clock sys_clk_pin rise edge)
                                                     10.000    10.000 r  
    E3                                                0.000    10.000 r  clk100mhz (IN)
                         net (fo=0)                   0.000    10.000    clk100mhz
    E3                   IBUF (Prop_ibuf_I_O)         1.411    11.411 r  clk100mhz_IBUF_inst/O
                         net (fo=1, routed)           1.920    13.331    clk100mhz_IBUF
    BUFGCTRL_X0Y16       BUFG (Prop_bufg_I_O)         0.091    13.422 r  clk100mhz_IBUF_BUFG_inst/O
                         net (fo=10, routed)          1.504    14.927    clkdivmod/clk
    SLICE_X52Y94         FDRE                                         r  clkdivmod/count_reg[1]/C
                         clock pessimism              0.301    15.228    
                         clock uncertainty           -0.035    15.192    
    SLICE_X52Y94         FDRE (Setup_fdre_C_D)        0.062    15.254    clkdivmod/count_reg[1]
  -------------------------------------------------------------------
                         required time                         15.254    
                         arrival time                          -6.762    
  -------------------------------------------------------------------
                         slack                                  8.493    

Slack (MET) :             8.690ns  (required time - arrival time)
  Source:                 clkdivmod/count_reg[0]/C
                            (rising edge-triggered cell FDRE clocked by sys_clk_pin  {rise@0.000ns fall@5.000ns period=10.000ns})
  Destination:            clkdivmod/count_reg[0]/D
                            (rising edge-triggered cell FDRE clocked by sys_clk_pin  {rise@0.000ns fall@5.000ns period=10.000ns})
  Path Group:             sys_clk_pin
  Path Type:              Setup (Max at Slow Process Corner)
  Requirement:            10.000ns  (sys_clk_pin rise@10.000ns - sys_clk_pin rise@0.000ns)
  Data Path Delay:        1.337ns  (logic 0.827ns (61.873%)  route 0.510ns (38.127%))
  Logic Levels:           2  (CARRY4=1 LUT1=1)
  Clock Path Skew:        0.000ns (DCD - SCD + CPR)
    Destination Clock Delay (DCD):    4.927ns = ( 14.927 - 10.000 ) 
    Source Clock Delay      (SCD):    5.228ns
    Clock Pessimism Removal (CPR):    0.301ns
  Clock Uncertainty:      0.035ns  ((TSJ^2 + TIJ^2)^1/2 + DJ) / 2 + PE
    Total System Jitter     (TSJ):    0.071ns
    Total Input Jitter      (TIJ):    0.000ns
    Discrete Jitter          (DJ):    0.000ns
    Phase Error              (PE):    0.000ns

    Location             Delay type                Incr(ns)  Path(ns)    Netlist Resource(s)
  -------------------------------------------------------------------    -------------------
                         (clock sys_clk_pin rise edge)
                                                      0.000     0.000 r  
    E3                                                0.000     0.000 r  clk100mhz (IN)
                         net (fo=0)                   0.000     0.000    clk100mhz
    E3                   IBUF (Prop_ibuf_I_O)         1.482     1.482 r  clk100mhz_IBUF_inst/O
                         net (fo=1, routed)           2.025     3.506    clk100mhz_IBUF
    BUFGCTRL_X0Y16       BUFG (Prop_bufg_I_O)         0.096     3.602 r  clk100mhz_IBUF_BUFG_inst/O
                         net (fo=10, routed)          1.625     5.228    clkdivmod/clk
    SLICE_X52Y94         FDRE                                         r  clkdivmod/count_reg[0]/C
  -------------------------------------------------------------------    -------------------
    SLICE_X52Y94         FDRE (Prop_fdre_C_Q)         0.456     5.684 f  clkdivmod/count_reg[0]/Q
                         net (fo=1, routed)           0.510     6.193    clkdivmod/count_reg_n_0_[0]
    SLICE_X52Y94         LUT1 (Prop_lut1_I0_O)        0.124     6.317 r  clkdivmod/count[0]_i_2/O
                         net (fo=1, routed)           0.000     6.317    clkdivmod/count[0]_i_2_n_0
    SLICE_X52Y94         CARRY4 (Prop_carry4_S[0]_O[0])
                                                      0.247     6.564 r  clkdivmod/count_reg[0]_i_1/O[0]
                         net (fo=1, routed)           0.000     6.564    clkdivmod/count_reg[0]_i_1_n_7
    SLICE_X52Y94         FDRE                                         r  clkdivmod/count_reg[0]/D
  -------------------------------------------------------------------    -------------------

                         (clock sys_clk_pin rise edge)
                                                     10.000    10.000 r  
    E3                                                0.000    10.000 r  clk100mhz (IN)
                         net (fo=0)                   0.000    10.000    clk100mhz
    E3                   IBUF (Prop_ibuf_I_O)         1.411    11.411 r  clk100mhz_IBUF_inst/O
                         net (fo=1, routed)           1.920    13.331    clk100mhz_IBUF
    BUFGCTRL_X0Y16       BUFG (Prop_bufg_I_O)         0.091    13.422 r  clk100mhz_IBUF_BUFG_inst/O
                         net (fo=10, routed)          1.504    14.927    clkdivmod/clk
    SLICE_X52Y94         FDRE                                         r  clkdivmod/count_reg[0]/C
                         clock pessimism              0.301    15.228    
                         clock uncertainty           -0.035    15.192    
    SLICE_X52Y94         FDRE (Setup_fdre_C_D)        0.062    15.254    clkdivmod/count_reg[0]
  -------------------------------------------------------------------
                         required time                         15.254    
                         arrival time                          -6.564    
  -------------------------------------------------------------------
                         slack                                  8.690    





Min Delay Paths
--------------------------------------------------------------------------------------
Slack (MET) :             0.324ns  (arrival time - required time)
  Source:                 clkdivmod/count_reg[0]/C
                            (rising edge-triggered cell FDRE clocked by sys_clk_pin  {rise@0.000ns fall@5.000ns period=10.000ns})
  Destination:            clkdivmod/count_reg[0]/D
                            (rising edge-triggered cell FDRE clocked by sys_clk_pin  {rise@0.000ns fall@5.000ns period=10.000ns})
  Path Group:             sys_clk_pin
  Path Type:              Hold (Min at Fast Process Corner)
  Requirement:            0.000ns  (sys_clk_pin rise@0.000ns - sys_clk_pin rise@0.000ns)
  Data Path Delay:        0.429ns  (logic 0.256ns (59.730%)  route 0.173ns (40.270%))
  Logic Levels:           2  (CARRY4=1 LUT1=1)
  Clock Path Skew:        0.000ns (DCD - SCD - CPR)
    Destination Clock Delay (DCD):    1.999ns
    Source Clock Delay      (SCD):    1.483ns
    Clock Pessimism Removal (CPR):    0.515ns

    Location             Delay type                Incr(ns)  Path(ns)    Netlist Resource(s)
  -------------------------------------------------------------------    -------------------
                         (clock sys_clk_pin rise edge)
                                                      0.000     0.000 r  
    E3                                                0.000     0.000 r  clk100mhz (IN)
                         net (fo=0)                   0.000     0.000    clk100mhz
    E3                   IBUF (Prop_ibuf_I_O)         0.250     0.250 r  clk100mhz_IBUF_inst/O
                         net (fo=1, routed)           0.644     0.894    clk100mhz_IBUF
    BUFGCTRL_X0Y16       BUFG (Prop_bufg_I_O)         0.026     0.920 r  clk100mhz_IBUF_BUFG_inst/O
                         net (fo=10, routed)          0.564     1.483    clkdivmod/clk
    SLICE_X52Y94         FDRE                                         r  clkdivmod/count_reg[0]/C
  -------------------------------------------------------------------    -------------------
    SLICE_X52Y94         FDRE (Prop_fdre_C_Q)         0.141     1.624 f  clkdivmod/count_reg[0]/Q
                         net (fo=1, routed)           0.173     1.797    clkdivmod/count_reg_n_0_[0]
    SLICE_X52Y94         LUT1 (Prop_lut1_I0_O)        0.045     1.842 r  clkdivmod/count[0]_i_2/O
                         net (fo=1, routed)           0.000     1.842    clkdivmod/count[0]_i_2_n_0
    SLICE_X52Y94         CARRY4 (Prop_carry4_S[0]_O[0])
                                                      0.070     1.912 r  clkdivmod/count_reg[0]_i_1/O[0]
                         net (fo=1, routed)           0.000     1.912    clkdivmod/count_reg[0]_i_1_n_7
    SLICE_X52Y94         FDRE                                         r  clkdivmod/count_reg[0]/D
  -------------------------------------------------------------------    -------------------

                         (clock sys_clk_pin rise edge)
                                                      0.000     0.000 r  
    E3                                                0.000     0.000 r  clk100mhz (IN)
                         net (fo=0)                   0.000     0.000    clk100mhz
    E3                   IBUF (Prop_ibuf_I_O)         0.438     0.438 r  clk100mhz_IBUF_inst/O
                         net (fo=1, routed)           0.699     1.136    clk100mhz_IBUF
    BUFGCTRL_X0Y16       BUFG (Prop_bufg_I_O)         0.029     1.165 r  clk100mhz_IBUF_BUFG_inst/O
                         net (fo=10, routed)          0.834     1.999    clkdivmod/clk
    SLICE_X52Y94         FDRE                                         r  clkdivmod/count_reg[0]/C
                         clock pessimism             -0.515     1.483    
    SLICE_X52Y94         FDRE (Hold_fdre_C_D)         0.105     1.588    clkdivmod/count_reg[0]
  -------------------------------------------------------------------
                         required time                         -1.588    
                         arrival time                           1.912    
  -------------------------------------------------------------------
                         slack                                  0.324    

Slack (MET) :             0.327ns  (arrival time - required time)
  Source:                 clkdivmod/count_reg[3]/C
                            (rising edge-triggered cell FDRE clocked by sys_clk_pin  {rise@0.000ns fall@5.000ns period=10.000ns})
  Destination:            clkdivmod/count_reg[3]/D
                            (rising edge-triggered cell FDRE clocked by sys_clk_pin  {rise@0.000ns fall@5.000ns period=10.000ns})
  Path Group:             sys_clk_pin
  Path Type:              Hold (Min at Fast Process Corner)
  Requirement:            0.000ns  (sys_clk_pin rise@0.000ns - sys_clk_pin rise@0.000ns)
  Data Path Delay:        0.432ns  (logic 0.249ns (57.658%)  route 0.183ns (42.342%))
  Logic Levels:           1  (CARRY4=1)
  Clock Path Skew:        0.000ns (DCD - SCD - CPR)
    Destination Clock Delay (DCD):    1.999ns
    Source Clock Delay      (SCD):    1.483ns
    Clock Pessimism Removal (CPR):    0.515ns

    Location             Delay type                Incr(ns)  Path(ns)    Netlist Resource(s)
  -------------------------------------------------------------------    -------------------
                         (clock sys_clk_pin rise edge)
                                                      0.000     0.000 r  
    E3                                                0.000     0.000 r  clk100mhz (IN)
                         net (fo=0)                   0.000     0.000    clk100mhz
    E3                   IBUF (Prop_ibuf_I_O)         0.250     0.250 r  clk100mhz_IBUF_inst/O
                         net (fo=1, routed)           0.644     0.894    clk100mhz_IBUF
    BUFGCTRL_X0Y16       BUFG (Prop_bufg_I_O)         0.026     0.920 r  clk100mhz_IBUF_BUFG_inst/O
                         net (fo=10, routed)          0.564     1.483    clkdivmod/clk
    SLICE_X52Y94         FDRE                                         r  clkdivmod/count_reg[3]/C
  -------------------------------------------------------------------    -------------------
    SLICE_X52Y94         FDRE (Prop_fdre_C_Q)         0.141     1.624 r  clkdivmod/count_reg[3]/Q
                         net (fo=1, routed)           0.183     1.807    clkdivmod/count_reg_n_0_[3]
    SLICE_X52Y94         CARRY4 (Prop_carry4_S[3]_O[3])
                                                      0.108     1.915 r  clkdivmod/count_reg[0]_i_1/O[3]
                         net (fo=1, routed)           0.000     1.915    clkdivmod/count_reg[0]_i_1_n_4
    SLICE_X52Y94         FDRE                                         r  clkdivmod/count_reg[3]/D
  -------------------------------------------------------------------    -------------------

                         (clock sys_clk_pin rise edge)
                                                      0.000     0.000 r  
    E3                                                0.000     0.000 r  clk100mhz (IN)
                         net (fo=0)                   0.000     0.000    clk100mhz
    E3                   IBUF (Prop_ibuf_I_O)         0.438     0.438 r  clk100mhz_IBUF_inst/O
                         net (fo=1, routed)           0.699     1.136    clk100mhz_IBUF
    BUFGCTRL_X0Y16       BUFG (Prop_bufg_I_O)         0.029     1.165 r  clk100mhz_IBUF_BUFG_inst/O
                         net (fo=10, routed)          0.834     1.999    clkdivmod/clk
    SLICE_X52Y94         FDRE                                         r  clkdivmod/count_reg[3]/C
                         clock pessimism             -0.515     1.483    
    SLICE_X52Y94         FDRE (Hold_fdre_C_D)         0.105     1.588    clkdivmod/count_reg[3]
  -------------------------------------------------------------------
                         required time                         -1.588    
                         arrival time                           1.915    
  -------------------------------------------------------------------
                         slack                                  0.327    

Slack (MET) :             0.327ns  (arrival time - required time)
  Source:                 clkdivmod/count_reg[4]/C
                            (rising edge-triggered cell FDRE clocked by sys_clk_pin  {rise@0.000ns fall@5.000ns period=10.000ns})
  Destination:            clkdivmod/count_reg[4]/D
                            (rising edge-triggered cell FDRE clocked by sys_clk_pin  {rise@0.000ns fall@5.000ns period=10.000ns})
  Path Group:             sys_clk_pin
  Path Type:              Hold (Min at Fast Process Corner)
  Requirement:            0.000ns  (sys_clk_pin rise@0.000ns - sys_clk_pin rise@0.000ns)
  Data Path Delay:        0.432ns  (logic 0.256ns (59.199%)  route 0.176ns (40.801%))
  Logic Levels:           1  (CARRY4=1)
  Clock Path Skew:        0.000ns (DCD - SCD - CPR)
    Destination Clock Delay (DCD):    1.999ns
    Source Clock Delay      (SCD):    1.483ns
    Clock Pessimism Removal (CPR):    0.515ns

    Location             Delay type                Incr(ns)  Path(ns)    Netlist Resource(s)
  -------------------------------------------------------------------    -------------------
                         (clock sys_clk_pin rise edge)
                                                      0.000     0.000 r  
    E3                                                0.000     0.000 r  clk100mhz (IN)
                         net (fo=0)                   0.000     0.000    clk100mhz
    E3                   IBUF (Prop_ibuf_I_O)         0.250     0.250 r  clk100mhz_IBUF_inst/O
                         net (fo=1, routed)           0.644     0.894    clk100mhz_IBUF
    BUFGCTRL_X0Y16       BUFG (Prop_bufg_I_O)         0.026     0.920 r  clk100mhz_IBUF_BUFG_inst/O
                         net (fo=10, routed)          0.564     1.483    clkdivmod/clk
    SLICE_X52Y95         FDRE                                         r  clkdivmod/count_reg[4]/C
  -------------------------------------------------------------------    -------------------
    SLICE_X52Y95         FDRE (Prop_fdre_C_Q)         0.141     1.624 r  clkdivmod/count_reg[4]/Q
                         net (fo=1, routed)           0.176     1.801    clkdivmod/count_reg_n_0_[4]
    SLICE_X52Y95         CARRY4 (Prop_carry4_S[0]_O[0])
                                                      0.115     1.916 r  clkdivmod/count_reg[4]_i_1/O[0]
                         net (fo=1, routed)           0.000     1.916    clkdivmod/count_reg[4]_i_1_n_7
    SLICE_X52Y95         FDRE                                         r  clkdivmod/count_reg[4]/D
  -------------------------------------------------------------------    -------------------

                         (clock sys_clk_pin rise edge)
                                                      0.000     0.000 r  
    E3                                                0.000     0.000 r  clk100mhz (IN)
                         net (fo=0)                   0.000     0.000    clk100mhz
    E3                   IBUF (Prop_ibuf_I_O)         0.438     0.438 r  clk100mhz_IBUF_inst/O
                         net (fo=1, routed)           0.699     1.136    clk100mhz_IBUF
    BUFGCTRL_X0Y16       BUFG (Prop_bufg_I_O)         0.029     1.165 r  clk100mhz_IBUF_BUFG_inst/O
                         net (fo=10, routed)          0.834     1.999    clkdivmod/clk
    SLICE_X52Y95         FDRE                                         r  clkdivmod/count_reg[4]/C
                         clock pessimism             -0.515     1.483    
    SLICE_X52Y95         FDRE (Hold_fdre_C_D)         0.105     1.588    clkdivmod/count_reg[4]
  -------------------------------------------------------------------
                         required time                         -1.588    
                         arrival time                           1.916    
  -------------------------------------------------------------------
                         slack                                  0.327    

Slack (MET) :             0.327ns  (arrival time - required time)
  Source:                 clkdivmod/count_reg[8]/C
                            (rising edge-triggered cell FDRE clocked by sys_clk_pin  {rise@0.000ns fall@5.000ns period=10.000ns})
  Destination:            clkdivmod/count_reg[8]/D
                            (rising edge-triggered cell FDRE clocked by sys_clk_pin  {rise@0.000ns fall@5.000ns period=10.000ns})
  Path Group:             sys_clk_pin
  Path Type:              Hold (Min at Fast Process Corner)
  Requirement:            0.000ns  (sys_clk_pin rise@0.000ns - sys_clk_pin rise@0.000ns)
  Data Path Delay:        0.432ns  (logic 0.256ns (59.199%)  route 0.176ns (40.801%))
  Logic Levels:           1  (CARRY4=1)
  Clock Path Skew:        0.000ns (DCD - SCD - CPR)
    Destination Clock Delay (DCD):    1.999ns
    Source Clock Delay      (SCD):    1.483ns
    Clock Pessimism Removal (CPR):    0.515ns

    Location             Delay type                Incr(ns)  Path(ns)    Netlist Resource(s)
  -------------------------------------------------------------------    -------------------
                         (clock sys_clk_pin rise edge)
                                                      0.000     0.000 r  
    E3                                                0.000     0.000 r  clk100mhz (IN)
                         net (fo=0)                   0.000     0.000    clk100mhz
    E3                   IBUF (Prop_ibuf_I_O)         0.250     0.250 r  clk100mhz_IBUF_inst/O
                         net (fo=1, routed)           0.644     0.894    clk100mhz_IBUF
    BUFGCTRL_X0Y16       BUFG (Prop_bufg_I_O)         0.026     0.920 r  clk100mhz_IBUF_BUFG_inst/O
                         net (fo=10, routed)          0.564     1.483    clkdivmod/clk
    SLICE_X52Y96         FDRE                                         r  clkdivmod/count_reg[8]/C
  -------------------------------------------------------------------    -------------------
    SLICE_X52Y96         FDRE (Prop_fdre_C_Q)         0.141     1.624 r  clkdivmod/count_reg[8]/Q
                         net (fo=1, routed)           0.176     1.801    clkdivmod/count_reg_n_0_[8]
    SLICE_X52Y96         CARRY4 (Prop_carry4_S[0]_O[0])
                                                      0.115     1.916 r  clkdivmod/count_reg[8]_i_1/O[0]
                         net (fo=1, routed)           0.000     1.916    clkdivmod/count_reg[8]_i_1_n_7
    SLICE_X52Y96         FDRE                                         r  clkdivmod/count_reg[8]/D
  -------------------------------------------------------------------    -------------------

                         (clock sys_clk_pin rise edge)
                                                      0.000     0.000 r  
    E3                                                0.000     0.000 r  clk100mhz (IN)
                         net (fo=0)                   0.000     0.000    clk100mhz
    E3                   IBUF (Prop_ibuf_I_O)         0.438     0.438 r  clk100mhz_IBUF_inst/O
                         net (fo=1, routed)           0.699     1.136    clk100mhz_IBUF
    BUFGCTRL_X0Y16       BUFG (Prop_bufg_I_O)         0.029     1.165 r  clk100mhz_IBUF_BUFG_inst/O
                         net (fo=10, routed)          0.834     1.999    clkdivmod/clk
    SLICE_X52Y96         FDRE                                         r  clkdivmod/count_reg[8]/C
                         clock pessimism             -0.515     1.483    
    SLICE_X52Y96         FDRE (Hold_fdre_C_D)         0.105     1.588    clkdivmod/count_reg[8]
  -------------------------------------------------------------------
                         required time                         -1.588    
                         arrival time                           1.916    
  -------------------------------------------------------------------
                         slack                                  0.327    

Slack (MET) :             0.360ns  (arrival time - required time)
  Source:                 clkdivmod/count_reg[0]/C
                            (rising edge-triggered cell FDRE clocked by sys_clk_pin  {rise@0.000ns fall@5.000ns period=10.000ns})
  Destination:            clkdivmod/count_reg[1]/D
                            (rising edge-triggered cell FDRE clocked by sys_clk_pin  {rise@0.000ns fall@5.000ns period=10.000ns})
  Path Group:             sys_clk_pin
  Path Type:              Hold (Min at Fast Process Corner)
  Requirement:            0.000ns  (sys_clk_pin rise@0.000ns - sys_clk_pin rise@0.000ns)
  Data Path Delay:        0.465ns  (logic 0.292ns (62.850%)  route 0.173ns (37.150%))
  Logic Levels:           2  (CARRY4=1 LUT1=1)
  Clock Path Skew:        0.000ns (DCD - SCD - CPR)
    Destination Clock Delay (DCD):    1.999ns
    Source Clock Delay      (SCD):    1.483ns
    Clock Pessimism Removal (CPR):    0.515ns

    Location             Delay type                Incr(ns)  Path(ns)    Netlist Resource(s)
  -------------------------------------------------------------------    -------------------
                         (clock sys_clk_pin rise edge)
                                                      0.000     0.000 r  
    E3                                                0.000     0.000 r  clk100mhz (IN)
                         net (fo=0)                   0.000     0.000    clk100mhz
    E3                   IBUF (Prop_ibuf_I_O)         0.250     0.250 r  clk100mhz_IBUF_inst/O
                         net (fo=1, routed)           0.644     0.894    clk100mhz_IBUF
    BUFGCTRL_X0Y16       BUFG (Prop_bufg_I_O)         0.026     0.920 r  clk100mhz_IBUF_BUFG_inst/O
                         net (fo=10, routed)          0.564     1.483    clkdivmod/clk
    SLICE_X52Y94         FDRE                                         r  clkdivmod/count_reg[0]/C
  -------------------------------------------------------------------    -------------------
    SLICE_X52Y94         FDRE (Prop_fdre_C_Q)         0.141     1.624 f  clkdivmod/count_reg[0]/Q
                         net (fo=1, routed)           0.173     1.797    clkdivmod/count_reg_n_0_[0]
    SLICE_X52Y94         LUT1 (Prop_lut1_I0_O)        0.045     1.842 r  clkdivmod/count[0]_i_2/O
                         net (fo=1, routed)           0.000     1.842    clkdivmod/count[0]_i_2_n_0
    SLICE_X52Y94         CARRY4 (Prop_carry4_S[0]_O[1])
                                                      0.106     1.948 r  clkdivmod/count_reg[0]_i_1/O[1]
                         net (fo=1, routed)           0.000     1.948    clkdivmod/count_reg[0]_i_1_n_6
    SLICE_X52Y94         FDRE                                         r  clkdivmod/count_reg[1]/D
  -------------------------------------------------------------------    -------------------

                         (clock sys_clk_pin rise edge)
                                                      0.000     0.000 r  
    E3                                                0.000     0.000 r  clk100mhz (IN)
                         net (fo=0)                   0.000     0.000    clk100mhz
    E3                   IBUF (Prop_ibuf_I_O)         0.438     0.438 r  clk100mhz_IBUF_inst/O
                         net (fo=1, routed)           0.699     1.136    clk100mhz_IBUF
    BUFGCTRL_X0Y16       BUFG (Prop_bufg_I_O)         0.029     1.165 r  clk100mhz_IBUF_BUFG_inst/O
                         net (fo=10, routed)          0.834     1.999    clkdivmod/clk
    SLICE_X52Y94         FDRE                                         r  clkdivmod/count_reg[1]/C
                         clock pessimism             -0.515     1.483    
    SLICE_X52Y94         FDRE (Hold_fdre_C_D)         0.105     1.588    clkdivmod/count_reg[1]
  -------------------------------------------------------------------
                         required time                         -1.588    
                         arrival time                           1.948    
  -------------------------------------------------------------------
                         slack                                  0.360    

Slack (MET) :             0.363ns  (arrival time - required time)
  Source:                 clkdivmod/count_reg[4]/C
                            (rising edge-triggered cell FDRE clocked by sys_clk_pin  {rise@0.000ns fall@5.000ns period=10.000ns})
  Destination:            clkdivmod/count_reg[5]/D
                            (rising edge-triggered cell FDRE clocked by sys_clk_pin  {rise@0.000ns fall@5.000ns period=10.000ns})
  Path Group:             sys_clk_pin
  Path Type:              Hold (Min at Fast Process Corner)
  Requirement:            0.000ns  (sys_clk_pin rise@0.000ns - sys_clk_pin rise@0.000ns)
  Data Path Delay:        0.468ns  (logic 0.292ns (62.334%)  route 0.176ns (37.666%))
  Logic Levels:           1  (CARRY4=1)
  Clock Path Skew:        0.000ns (DCD - SCD - CPR)
    Destination Clock Delay (DCD):    1.999ns
    Source Clock Delay      (SCD):    1.483ns
    Clock Pessimism Removal (CPR):    0.515ns

    Location             Delay type                Incr(ns)  Path(ns)    Netlist Resource(s)
  -------------------------------------------------------------------    -------------------
                         (clock sys_clk_pin rise edge)
                                                      0.000     0.000 r  
    E3                                                0.000     0.000 r  clk100mhz (IN)
                         net (fo=0)                   0.000     0.000    clk100mhz
    E3                   IBUF (Prop_ibuf_I_O)         0.250     0.250 r  clk100mhz_IBUF_inst/O
                         net (fo=1, routed)           0.644     0.894    clk100mhz_IBUF
    BUFGCTRL_X0Y16       BUFG (Prop_bufg_I_O)         0.026     0.920 r  clk100mhz_IBUF_BUFG_inst/O
                         net (fo=10, routed)          0.564     1.483    clkdivmod/clk
    SLICE_X52Y95         FDRE                                         r  clkdivmod/count_reg[4]/C
  -------------------------------------------------------------------    -------------------
    SLICE_X52Y95         FDRE (Prop_fdre_C_Q)         0.141     1.624 r  clkdivmod/count_reg[4]/Q
                         net (fo=1, routed)           0.176     1.801    clkdivmod/count_reg_n_0_[4]
    SLICE_X52Y95         CARRY4 (Prop_carry4_S[0]_O[1])
                                                      0.151     1.952 r  clkdivmod/count_reg[4]_i_1/O[1]
                         net (fo=1, routed)           0.000     1.952    clkdivmod/count_reg[4]_i_1_n_6
    SLICE_X52Y95         FDRE                                         r  clkdivmod/count_reg[5]/D
  -------------------------------------------------------------------    -------------------

                         (clock sys_clk_pin rise edge)
                                                      0.000     0.000 r  
    E3                                                0.000     0.000 r  clk100mhz (IN)
                         net (fo=0)                   0.000     0.000    clk100mhz
    E3                   IBUF (Prop_ibuf_I_O)         0.438     0.438 r  clk100mhz_IBUF_inst/O
                         net (fo=1, routed)           0.699     1.136    clk100mhz_IBUF
    BUFGCTRL_X0Y16       BUFG (Prop_bufg_I_O)         0.029     1.165 r  clk100mhz_IBUF_BUFG_inst/O
                         net (fo=10, routed)          0.834     1.999    clkdivmod/clk
    SLICE_X52Y95         FDRE                                         r  clkdivmod/count_reg[5]/C
                         clock pessimism             -0.515     1.483    
    SLICE_X52Y95         FDRE (Hold_fdre_C_D)         0.105     1.588    clkdivmod/count_reg[5]
  -------------------------------------------------------------------
                         required time                         -1.588    
                         arrival time                           1.952    
  -------------------------------------------------------------------
                         slack                                  0.363    

Slack (MET) :             0.363ns  (arrival time - required time)
  Source:                 clkdivmod/count_reg[8]/C
                            (rising edge-triggered cell FDRE clocked by sys_clk_pin  {rise@0.000ns fall@5.000ns period=10.000ns})
  Destination:            clkdivmod/count_reg[9]/D
                            (rising edge-triggered cell FDRE clocked by sys_clk_pin  {rise@0.000ns fall@5.000ns period=10.000ns})
  Path Group:             sys_clk_pin
  Path Type:              Hold (Min at Fast Process Corner)
  Requirement:            0.000ns  (sys_clk_pin rise@0.000ns - sys_clk_pin rise@0.000ns)
  Data Path Delay:        0.468ns  (logic 0.292ns (62.334%)  route 0.176ns (37.666%))
  Logic Levels:           1  (CARRY4=1)
  Clock Path Skew:        0.000ns (DCD - SCD - CPR)
    Destination Clock Delay (DCD):    1.999ns
    Source Clock Delay      (SCD):    1.483ns
    Clock Pessimism Removal (CPR):    0.515ns

    Location             Delay type                Incr(ns)  Path(ns)    Netlist Resource(s)
  -------------------------------------------------------------------    -------------------
                         (clock sys_clk_pin rise edge)
                                                      0.000     0.000 r  
    E3                                                0.000     0.000 r  clk100mhz (IN)
                         net (fo=0)                   0.000     0.000    clk100mhz
    E3                   IBUF (Prop_ibuf_I_O)         0.250     0.250 r  clk100mhz_IBUF_inst/O
                         net (fo=1, routed)           0.644     0.894    clk100mhz_IBUF
    BUFGCTRL_X0Y16       BUFG (Prop_bufg_I_O)         0.026     0.920 r  clk100mhz_IBUF_BUFG_inst/O
                         net (fo=10, routed)          0.564     1.483    clkdivmod/clk
    SLICE_X52Y96         FDRE                                         r  clkdivmod/count_reg[8]/C
  -------------------------------------------------------------------    -------------------
    SLICE_X52Y96         FDRE (Prop_fdre_C_Q)         0.141     1.624 r  clkdivmod/count_reg[8]/Q
                         net (fo=1, routed)           0.176     1.801    clkdivmod/count_reg_n_0_[8]
    SLICE_X52Y96         CARRY4 (Prop_carry4_S[0]_O[1])
                                                      0.151     1.952 r  clkdivmod/count_reg[8]_i_1/O[1]
                         net (fo=1, routed)           0.000     1.952    clkdivmod/count_reg[8]_i_1_n_6
    SLICE_X52Y96         FDRE                                         r  clkdivmod/count_reg[9]/D
  -------------------------------------------------------------------    -------------------

                         (clock sys_clk_pin rise edge)
                                                      0.000     0.000 r  
    E3                                                0.000     0.000 r  clk100mhz (IN)
                         net (fo=0)                   0.000     0.000    clk100mhz
    E3                   IBUF (Prop_ibuf_I_O)         0.438     0.438 r  clk100mhz_IBUF_inst/O
                         net (fo=1, routed)           0.699     1.136    clk100mhz_IBUF
    BUFGCTRL_X0Y16       BUFG (Prop_bufg_I_O)         0.029     1.165 r  clk100mhz_IBUF_BUFG_inst/O
                         net (fo=10, routed)          0.834     1.999    clkdivmod/clk
    SLICE_X52Y96         FDRE                                         r  clkdivmod/count_reg[9]/C
                         clock pessimism             -0.515     1.483    
    SLICE_X52Y96         FDRE (Hold_fdre_C_D)         0.105     1.588    clkdivmod/count_reg[9]
  -------------------------------------------------------------------
                         required time                         -1.588    
                         arrival time                           1.952    
  -------------------------------------------------------------------
                         slack                                  0.363    

Slack (MET) :             0.372ns  (arrival time - required time)
  Source:                 clkdivmod/count_reg[7]/C
                            (rising edge-triggered cell FDRE clocked by sys_clk_pin  {rise@0.000ns fall@5.000ns period=10.000ns})
  Destination:            clkdivmod/count_reg[7]/D
                            (rising edge-triggered cell FDRE clocked by sys_clk_pin  {rise@0.000ns fall@5.000ns period=10.000ns})
  Path Group:             sys_clk_pin
  Path Type:              Hold (Min at Fast Process Corner)
  Requirement:            0.000ns  (sys_clk_pin rise@0.000ns - sys_clk_pin rise@0.000ns)
  Data Path Delay:        0.477ns  (logic 0.249ns (52.216%)  route 0.228ns (47.784%))
  Logic Levels:           1  (CARRY4=1)
  Clock Path Skew:        0.000ns (DCD - SCD - CPR)
    Destination Clock Delay (DCD):    1.999ns
    Source Clock Delay      (SCD):    1.483ns
    Clock Pessimism Removal (CPR):    0.515ns

    Location             Delay type                Incr(ns)  Path(ns)    Netlist Resource(s)
  -------------------------------------------------------------------    -------------------
                         (clock sys_clk_pin rise edge)
                                                      0.000     0.000 r  
    E3                                                0.000     0.000 r  clk100mhz (IN)
                         net (fo=0)                   0.000     0.000    clk100mhz
    E3                   IBUF (Prop_ibuf_I_O)         0.250     0.250 r  clk100mhz_IBUF_inst/O
                         net (fo=1, routed)           0.644     0.894    clk100mhz_IBUF
    BUFGCTRL_X0Y16       BUFG (Prop_bufg_I_O)         0.026     0.920 r  clk100mhz_IBUF_BUFG_inst/O
                         net (fo=10, routed)          0.564     1.483    clkdivmod/clk
    SLICE_X52Y95         FDRE                                         r  clkdivmod/count_reg[7]/C
  -------------------------------------------------------------------    -------------------
    SLICE_X52Y95         FDRE (Prop_fdre_C_Q)         0.141     1.624 r  clkdivmod/count_reg[7]/Q
                         net (fo=1, routed)           0.228     1.852    clkdivmod/count_reg_n_0_[7]
    SLICE_X52Y95         CARRY4 (Prop_carry4_S[3]_O[3])
                                                      0.108     1.960 r  clkdivmod/count_reg[4]_i_1/O[3]
                         net (fo=1, routed)           0.000     1.960    clkdivmod/count_reg[4]_i_1_n_4
    SLICE_X52Y95         FDRE                                         r  clkdivmod/count_reg[7]/D
  -------------------------------------------------------------------    -------------------

                         (clock sys_clk_pin rise edge)
                                                      0.000     0.000 r  
    E3                                                0.000     0.000 r  clk100mhz (IN)
                         net (fo=0)                   0.000     0.000    clk100mhz
    E3                   IBUF (Prop_ibuf_I_O)         0.438     0.438 r  clk100mhz_IBUF_inst/O
                         net (fo=1, routed)           0.699     1.136    clk100mhz_IBUF
    BUFGCTRL_X0Y16       BUFG (Prop_bufg_I_O)         0.029     1.165 r  clk100mhz_IBUF_BUFG_inst/O
                         net (fo=10, routed)          0.834     1.999    clkdivmod/clk
    SLICE_X52Y95         FDRE                                         r  clkdivmod/count_reg[7]/C
                         clock pessimism             -0.515     1.483    
    SLICE_X52Y95         FDRE (Hold_fdre_C_D)         0.105     1.588    clkdivmod/count_reg[7]
  -------------------------------------------------------------------
                         required time                         -1.588    
                         arrival time                           1.960    
  -------------------------------------------------------------------
                         slack                                  0.372    

Slack (MET) :             0.400ns  (arrival time - required time)
  Source:                 clkdivmod/count_reg[0]/C
                            (rising edge-triggered cell FDRE clocked by sys_clk_pin  {rise@0.000ns fall@5.000ns period=10.000ns})
  Destination:            clkdivmod/count_reg[2]/D
                            (rising edge-triggered cell FDRE clocked by sys_clk_pin  {rise@0.000ns fall@5.000ns period=10.000ns})
  Path Group:             sys_clk_pin
  Path Type:              Hold (Min at Fast Process Corner)
  Requirement:            0.000ns  (sys_clk_pin rise@0.000ns - sys_clk_pin rise@0.000ns)
  Data Path Delay:        0.505ns  (logic 0.332ns (65.795%)  route 0.173ns (34.205%))
  Logic Levels:           2  (CARRY4=1 LUT1=1)
  Clock Path Skew:        0.000ns (DCD - SCD - CPR)
    Destination Clock Delay (DCD):    1.999ns
    Source Clock Delay      (SCD):    1.483ns
    Clock Pessimism Removal (CPR):    0.515ns

    Location             Delay type                Incr(ns)  Path(ns)    Netlist Resource(s)
  -------------------------------------------------------------------    -------------------
                         (clock sys_clk_pin rise edge)
                                                      0.000     0.000 r  
    E3                                                0.000     0.000 r  clk100mhz (IN)
                         net (fo=0)                   0.000     0.000    clk100mhz
    E3                   IBUF (Prop_ibuf_I_O)         0.250     0.250 r  clk100mhz_IBUF_inst/O
                         net (fo=1, routed)           0.644     0.894    clk100mhz_IBUF
    BUFGCTRL_X0Y16       BUFG (Prop_bufg_I_O)         0.026     0.920 r  clk100mhz_IBUF_BUFG_inst/O
                         net (fo=10, routed)          0.564     1.483    clkdivmod/clk
    SLICE_X52Y94         FDRE                                         r  clkdivmod/count_reg[0]/C
  -------------------------------------------------------------------    -------------------
    SLICE_X52Y94         FDRE (Prop_fdre_C_Q)         0.141     1.624 f  clkdivmod/count_reg[0]/Q
                         net (fo=1, routed)           0.173     1.797    clkdivmod/count_reg_n_0_[0]
    SLICE_X52Y94         LUT1 (Prop_lut1_I0_O)        0.045     1.842 r  clkdivmod/count[0]_i_2/O
                         net (fo=1, routed)           0.000     1.842    clkdivmod/count[0]_i_2_n_0
    SLICE_X52Y94         CARRY4 (Prop_carry4_S[0]_O[2])
                                                      0.146     1.988 r  clkdivmod/count_reg[0]_i_1/O[2]
                         net (fo=1, routed)           0.000     1.988    clkdivmod/count_reg[0]_i_1_n_5
    SLICE_X52Y94         FDRE                                         r  clkdivmod/count_reg[2]/D
  -------------------------------------------------------------------    -------------------

                         (clock sys_clk_pin rise edge)
                                                      0.000     0.000 r  
    E3                                                0.000     0.000 r  clk100mhz (IN)
                         net (fo=0)                   0.000     0.000    clk100mhz
    E3                   IBUF (Prop_ibuf_I_O)         0.438     0.438 r  clk100mhz_IBUF_inst/O
                         net (fo=1, routed)           0.699     1.136    clk100mhz_IBUF
    BUFGCTRL_X0Y16       BUFG (Prop_bufg_I_O)         0.029     1.165 r  clk100mhz_IBUF_BUFG_inst/O
                         net (fo=10, routed)          0.834     1.999    clkdivmod/clk
    SLICE_X52Y94         FDRE                                         r  clkdivmod/count_reg[2]/C
                         clock pessimism             -0.515     1.483    
    SLICE_X52Y94         FDRE (Hold_fdre_C_D)         0.105     1.588    clkdivmod/count_reg[2]
  -------------------------------------------------------------------
                         required time                         -1.588    
                         arrival time                           1.988    
  -------------------------------------------------------------------
                         slack                                  0.400    

Slack (MET) :             0.403ns  (arrival time - required time)
  Source:                 clkdivmod/count_reg[4]/C
                            (rising edge-triggered cell FDRE clocked by sys_clk_pin  {rise@0.000ns fall@5.000ns period=10.000ns})
  Destination:            clkdivmod/count_reg[6]/D
                            (rising edge-triggered cell FDRE clocked by sys_clk_pin  {rise@0.000ns fall@5.000ns period=10.000ns})
  Path Group:             sys_clk_pin
  Path Type:              Hold (Min at Fast Process Corner)
  Requirement:            0.000ns  (sys_clk_pin rise@0.000ns - sys_clk_pin rise@0.000ns)
  Data Path Delay:        0.508ns  (logic 0.332ns (65.297%)  route 0.176ns (34.703%))
  Logic Levels:           1  (CARRY4=1)
  Clock Path Skew:        0.000ns (DCD - SCD - CPR)
    Destination Clock Delay (DCD):    1.999ns
    Source Clock Delay      (SCD):    1.483ns
    Clock Pessimism Removal (CPR):    0.515ns

    Location             Delay type                Incr(ns)  Path(ns)    Netlist Resource(s)
  -------------------------------------------------------------------    -------------------
                         (clock sys_clk_pin rise edge)
                                                      0.000     0.000 r  
    E3                                                0.000     0.000 r  clk100mhz (IN)
                         net (fo=0)                   0.000     0.000    clk100mhz
    E3                   IBUF (Prop_ibuf_I_O)         0.250     0.250 r  clk100mhz_IBUF_inst/O
                         net (fo=1, routed)           0.644     0.894    clk100mhz_IBUF
    BUFGCTRL_X0Y16       BUFG (Prop_bufg_I_O)         0.026     0.920 r  clk100mhz_IBUF_BUFG_inst/O
                         net (fo=10, routed)          0.564     1.483    clkdivmod/clk
    SLICE_X52Y95         FDRE                                         r  clkdivmod/count_reg[4]/C
  -------------------------------------------------------------------    -------------------
    SLICE_X52Y95         FDRE (Prop_fdre_C_Q)         0.141     1.624 r  clkdivmod/count_reg[4]/Q
                         net (fo=1, routed)           0.176     1.801    clkdivmod/count_reg_n_0_[4]
    SLICE_X52Y95         CARRY4 (Prop_carry4_S[0]_O[2])
                                                      0.191     1.992 r  clkdivmod/count_reg[4]_i_1/O[2]
                         net (fo=1, routed)           0.000     1.992    clkdivmod/count_reg[4]_i_1_n_5
    SLICE_X52Y95         FDRE                                         r  clkdivmod/count_reg[6]/D
  -------------------------------------------------------------------    -------------------

                         (clock sys_clk_pin rise edge)
                                                      0.000     0.000 r  
    E3                                                0.000     0.000 r  clk100mhz (IN)
                         net (fo=0)                   0.000     0.000    clk100mhz
    E3                   IBUF (Prop_ibuf_I_O)         0.438     0.438 r  clk100mhz_IBUF_inst/O
                         net (fo=1, routed)           0.699     1.136    clk100mhz_IBUF
    BUFGCTRL_X0Y16       BUFG (Prop_bufg_I_O)         0.029     1.165 r  clk100mhz_IBUF_BUFG_inst/O
                         net (fo=10, routed)          0.834     1.999    clkdivmod/clk
    SLICE_X52Y95         FDRE                                         r  clkdivmod/count_reg[6]/C
                         clock pessimism             -0.515     1.483    
    SLICE_X52Y95         FDRE (Hold_fdre_C_D)         0.105     1.588    clkdivmod/count_reg[6]
  -------------------------------------------------------------------
                         required time                         -1.588    
                         arrival time                           1.992    
  -------------------------------------------------------------------
                         slack                                  0.403    





Pulse Width Checks
--------------------------------------------------------------------------------------
Clock Name:         sys_clk_pin
Waveform(ns):       { 0.000 5.000 }
Period(ns):         10.000
Sources:            { clk100mhz }

Check Type        Corner  Lib Pin  Reference Pin  Required(ns)  Actual(ns)  Slack(ns)  Location        Pin
Min Period        n/a     BUFG/I   n/a            2.155         10.000      7.845      BUFGCTRL_X0Y16  clk100mhz_IBUF_BUFG_inst/I
Min Period        n/a     FDRE/C   n/a            1.000         10.000      9.000      SLICE_X52Y94    clkdivmod/count_reg[0]/C
Min Period        n/a     FDRE/C   n/a            1.000         10.000      9.000      SLICE_X52Y94    clkdivmod/count_reg[1]/C
Min Period        n/a     FDRE/C   n/a            1.000         10.000      9.000      SLICE_X52Y94    clkdivmod/count_reg[2]/C
Min Period        n/a     FDRE/C   n/a            1.000         10.000      9.000      SLICE_X52Y94    clkdivmod/count_reg[3]/C
Min Period        n/a     FDRE/C   n/a            1.000         10.000      9.000      SLICE_X52Y95    clkdivmod/count_reg[4]/C
Min Period        n/a     FDRE/C   n/a            1.000         10.000      9.000      SLICE_X52Y95    clkdivmod/count_reg[5]/C
Min Period        n/a     FDRE/C   n/a            1.000         10.000      9.000      SLICE_X52Y95    clkdivmod/count_reg[6]/C
Min Period        n/a     FDRE/C   n/a            1.000         10.000      9.000      SLICE_X52Y95    clkdivmod/count_reg[7]/C
Min Period        n/a     FDRE/C   n/a            1.000         10.000      9.000      SLICE_X52Y96    clkdivmod/count_reg[8]/C
Low Pulse Width   Slow    FDRE/C   n/a            0.500         5.000       4.500      SLICE_X52Y94    clkdivmod/count_reg[0]/C
Low Pulse Width   Slow    FDRE/C   n/a            0.500         5.000       4.500      SLICE_X52Y94    clkdivmod/count_reg[1]/C
Low Pulse Width   Slow    FDRE/C   n/a            0.500         5.000       4.500      SLICE_X52Y94    clkdivmod/count_reg[2]/C
Low Pulse Width   Slow    FDRE/C   n/a            0.500         5.000       4.500      SLICE_X52Y94    clkdivmod/count_reg[3]/C
Low Pulse Width   Slow    FDRE/C   n/a            0.500         5.000       4.500      SLICE_X52Y95    clkdivmod/count_reg[4]/C
Low Pulse Width   Slow    FDRE/C   n/a            0.500         5.000       4.500      SLICE_X52Y95    clkdivmod/count_reg[5]/C
Low Pulse Width   Slow    FDRE/C   n/a            0.500         5.000       4.500      SLICE_X52Y95    clkdivmod/count_reg[6]/C
Low Pulse Width   Slow    FDRE/C   n/a            0.500         5.000       4.500      SLICE_X52Y95    clkdivmod/count_reg[7]/C
Low Pulse Width   Slow    FDRE/C   n/a            0.500         5.000       4.500      SLICE_X52Y96    clkdivmod/count_reg[8]/C
Low Pulse Width   Slow    FDRE/C   n/a            0.500         5.000       4.500      SLICE_X52Y96    clkdivmod/count_reg[9]/C
High Pulse Width  Slow    FDRE/C   n/a            0.500         5.000       4.500      SLICE_X52Y94    clkdivmod/count_reg[0]/C
High Pulse Width  Fast    FDRE/C   n/a            0.500         5.000       4.500      SLICE_X52Y94    clkdivmod/count_reg[0]/C
High Pulse Width  Slow    FDRE/C   n/a            0.500         5.000       4.500      SLICE_X52Y94    clkdivmod/count_reg[1]/C
High Pulse Width  Fast    FDRE/C   n/a            0.500         5.000       4.500      SLICE_X52Y94    clkdivmod/count_reg[1]/C
High Pulse Width  Slow    FDRE/C   n/a            0.500         5.000       4.500      SLICE_X52Y94    clkdivmod/count_reg[2]/C
High Pulse Width  Fast    FDRE/C   n/a            0.500         5.000       4.500      SLICE_X52Y94    clkdivmod/count_reg[2]/C
High Pulse Width  Slow    FDRE/C   n/a            0.500         5.000       4.500      SLICE_X52Y94    clkdivmod/count_reg[3]/C
High Pulse Width  Fast    FDRE/C   n/a            0.500         5.000       4.500      SLICE_X52Y94    clkdivmod/count_reg[3]/C
High Pulse Width  Slow    FDRE/C   n/a            0.500         5.000       4.500      SLICE_X52Y95    clkdivmod/count_reg[4]/C
High Pulse Width  Fast    FDRE/C   n/a            0.500         5.000       4.500      SLICE_X52Y95    clkdivmod/count_reg[4]/C



